Flutter crash report.
Please report a bug at https://github.com/flutter/flutter/issues.

## command

flutter test test\chat_media_messaging_test.dart

## exception

PathExistsException: PathExistsException: Cannot copy file to 'E:\PROJECTS\Out Source Project\TrailLink-Android Flutter App\build\unit_test_assets\NativeAssetsManifest.json', path = 'E:\PROJECTS\Out Source Project\TrailLink-Android Flutter App\build\native_assets\windows\native_assets.json' (OS Error: Cannot create a file when that file already exists, errno = 183)

```
#0      _checkForErrorResponse (dart:io/common.dart:58:9)
#1      _File.copy.<anonymous closure> (dart:io/file_impl.dart:406:7)
#2      _rootRunUnary (dart:async/zone_root.dart:48:47)
#3      _CustomZone.runUnary (dart:async/zone.dart:733:19)
<asynchronous suspension>
#4      ForwardingFile.copy (package:file/src/forwarding/forwarding_file.dart:29:51)
<asynchronous suspension>
#5      ForwardingFile.copy (package:file/src/forwarding/forwarding_file.dart:29:51)
<asynchronous suspension>
#6      TestCommand.runCommand (package:flutter_tools/src/commands/test.dart:507:7)
<asynchronous suspension>
#7      FlutterCommand.run.<anonymous closure> (package:flutter_tools/src/runner/flutter_command.dart:1590:27)
<asynchronous suspension>
#8      AppContext.run.<anonymous closure> (package:flutter_tools/src/base/context.dart:154:19)
<asynchronous suspension>
#9      CommandRunner.runCommand (package:args/command_runner.dart:212:13)
<asynchronous suspension>
#10     FlutterCommandRunner.runCommand.<anonymous closure> (package:flutter_tools/src/runner/flutter_command_runner.dart:496:9)
<asynchronous suspension>
#11     AppContext.run.<anonymous closure> (package:flutter_tools/src/base/context.dart:154:19)
<asynchronous suspension>
#12     FlutterCommandRunner.runCommand (package:flutter_tools/src/runner/flutter_command_runner.dart:431:5)
<asynchronous suspension>
#13     FlutterCommandRunner.run.<anonymous closure> (package:flutter_tools/src/runner/flutter_command_runner.dart:307:33)
<asynchronous suspension>
#14     run.<anonymous closure>.<anonymous closure> (package:flutter_tools/runner.dart:104:11)
<asynchronous suspension>
#15     AppContext.run.<anonymous closure> (package:flutter_tools/src/base/context.dart:154:19)
<asynchronous suspension>
#16     main (package:flutter_tools/executable.dart:103:3)
<asynchronous suspension>
```

## flutter doctor

```
[✓] Flutter (Channel stable, 3.41.8, on Microsoft Windows [Version 10.0.26200.8246], locale en-US) [739ms]
    • Flutter version 3.41.8 on channel stable at C:\flutter
    • Upstream repository https://github.com/flutter/flutter.git
    • Framework revision 02085feb3f (2 weeks ago), 2026-04-24 13:54:45 -0700
    • Engine revision 59aa584fdf
    • Dart version 3.11.5
    • DevTools version 2.54.2
    • Feature flags: enable-web, enable-linux-desktop, enable-macos-desktop, enable-windows-desktop, enable-android, enable-ios, cli-animations, enable-native-assets, omit-legacy-version-file, enable-lldb-debugging, enable-uiscene-migration

[✓] Windows Version (Windows 11 or higher, 25H2, 2009) [3.8s]

[!] Android toolchain - develop for Android devices (Android SDK version 37.0.0) [1,575ms]
    • Android SDK at C:\Users\Dhananjaya Kumara\AppData\Local\Android\sdk
    • Emulator version 36.5.11.0 (build_id 15261927) (CL:N/A)
    • Platform android-37.0, build-tools 37.0.0
    ✗ Android SDK location currently contains spaces, which is not supported by the Android SDK as it causes problems with NDK tools. Try moving it from C:\Users\Dhananjaya Kumara\AppData\Local\Android\sdk to a path without spaces.
    • Try re-installing or updating your Android SDK,
      visit https://flutter.dev/to/windows-android-setup for detailed instructions.

[✓] Chrome - develop for the web [39ms]
    • Chrome at C:\Program Files\Google\Chrome\Application\chrome.exe

[✗] Visual Studio - develop Windows apps [35ms]
    ✗ Visual Studio not installed; this is necessary to develop Windows apps.
      Download at https://visualstudio.microsoft.com/downloads/.
      Please install the "Desktop development with C++" workload, including all of its default components

[✓] Connected device (4 available) [1,244ms]
    • SM A127F (mobile) • R58R85Q2HWH • android-arm64  • Android 13 (API 33)
    • Windows (desktop) • windows     • windows-x64    • Microsoft Windows [Version 10.0.26200.8246]
    • Chrome (web)      • chrome      • web-javascript • Google Chrome 147.0.7727.138
    • Edge (web)        • edge        • web-javascript • Microsoft Edge 147.0.3912.72

[✓] Network resources [809ms]
    • All expected network resources are available.

! Doctor found issues in 2 categories.
```
